
> vite-react-typescript-starter@0.0.0 build
> vite build

sh: 1: vite: not found
